// Jest Snapshot v1, https://goo.gl/fbAQLP

exports[`CircleLoader common specs should match snapshot 1`] = `
@keyframes animation-0 {
  0% {
    -webkit-transform: rotate(0deg);
    -moz-transform: rotate(0deg);
    -ms-transform: rotate(0deg);
    transform: rotate(0deg);
  }

  50% {
    -webkit-transform: rotate(180deg);
    -moz-transform: rotate(180deg);
    -ms-transform: rotate(180deg);
    transform: rotate(180deg);
  }

  100% {
    -webkit-transform: rotate(360deg);
    -moz-transform: rotate(360deg);
    -ms-transform: rotate(360deg);
    transform: rotate(360deg);
  }
}

@keyframes animation-0 {
  0% {
    -webkit-transform: rotate(0deg);
    -moz-transform: rotate(0deg);
    -ms-transform: rotate(0deg);
    transform: rotate(0deg);
  }

  50% {
    -webkit-transform: rotate(180deg);
    -moz-transform: rotate(180deg);
    -ms-transform: rotate(180deg);
    transform: rotate(180deg);
  }

  100% {
    -webkit-transform: rotate(360deg);
    -moz-transform: rotate(360deg);
    -ms-transform: rotate(360deg);
    transform: rotate(360deg);
  }
}

@keyframes animation-0 {
  0% {
    -webkit-transform: rotate(0deg);
    -moz-transform: rotate(0deg);
    -ms-transform: rotate(0deg);
    transform: rotate(0deg);
  }

  50% {
    -webkit-transform: rotate(180deg);
    -moz-transform: rotate(180deg);
    -ms-transform: rotate(180deg);
    transform: rotate(180deg);
  }

  100% {
    -webkit-transform: rotate(360deg);
    -moz-transform: rotate(360deg);
    -ms-transform: rotate(360deg);
    transform: rotate(360deg);
  }
}

@keyframes animation-0 {
  0% {
    -webkit-transform: rotate(0deg);
    -moz-transform: rotate(0deg);
    -ms-transform: rotate(0deg);
    transform: rotate(0deg);
  }

  50% {
    -webkit-transform: rotate(180deg);
    -moz-transform: rotate(180deg);
    -ms-transform: rotate(180deg);
    transform: rotate(180deg);
  }

  100% {
    -webkit-transform: rotate(360deg);
    -moz-transform: rotate(360deg);
    -ms-transform: rotate(360deg);
    transform: rotate(360deg);
  }
}

@keyframes animation-0 {
  0% {
    -webkit-transform: rotate(0deg);
    -moz-transform: rotate(0deg);
    -ms-transform: rotate(0deg);
    transform: rotate(0deg);
  }

  50% {
    -webkit-transform: rotate(180deg);
    -moz-transform: rotate(180deg);
    -ms-transform: rotate(180deg);
    transform: rotate(180deg);
  }

  100% {
    -webkit-transform: rotate(360deg);
    -moz-transform: rotate(360deg);
    -ms-transform: rotate(360deg);
    transform: rotate(360deg);
  }
}

.emotion-0 {
  position: relative;
  width: 50px;
  height: 50px;
}

.emotion-1 {
  position: absolute;
  height: 50px;
  width: 50px;
  border: 1px solid #000000;
  border-radius: 100%;
  -webkit-transition: 2s;
  transition: 2s;
  border-bottom: none;
  border-right: none;
  top: 0%;
  left: 0%;
  -webkit-animation-fill-mode: "";
  animation-fill-mode: "";
  -webkit-animation: animation-0 1s 0s infinite linear;
  animation: animation-0 1s 0s infinite linear;
}

.emotion-2 {
  position: absolute;
  height: 45px;
  width: 45px;
  border: 1px solid #000000;
  border-radius: 100%;
  -webkit-transition: 2s;
  transition: 2s;
  border-bottom: none;
  border-right: none;
  top: 1.75%;
  left: 0.875%;
  -webkit-animation-fill-mode: "";
  animation-fill-mode: "";
  -webkit-animation: animation-0 1s 0.2s infinite linear;
  animation: animation-0 1s 0.2s infinite linear;
}

.emotion-3 {
  position: absolute;
  height: 40px;
  width: 40px;
  border: 1px solid #000000;
  border-radius: 100%;
  -webkit-transition: 2s;
  transition: 2s;
  border-bottom: none;
  border-right: none;
  top: 3.5%;
  left: 1.75%;
  -webkit-animation-fill-mode: "";
  animation-fill-mode: "";
  -webkit-animation: animation-0 1s 0.4s infinite linear;
  animation: animation-0 1s 0.4s infinite linear;
}

.emotion-4 {
  position: absolute;
  height: 35px;
  width: 35px;
  border: 1px solid #000000;
  border-radius: 100%;
  -webkit-transition: 2s;
  transition: 2s;
  border-bottom: none;
  border-right: none;
  top: 5.249999999999999%;
  left: 2.6249999999999996%;
  -webkit-animation-fill-mode: "";
  animation-fill-mode: "";
  -webkit-animation: animation-0 1s 0.6000000000000001s infinite linear;
  animation: animation-0 1s 0.6000000000000001s infinite linear;
}

.emotion-5 {
  position: absolute;
  height: 30px;
  width: 30px;
  border: 1px solid #000000;
  border-radius: 100%;
  -webkit-transition: 2s;
  transition: 2s;
  border-bottom: none;
  border-right: none;
  top: 7%;
  left: 3.5%;
  -webkit-animation-fill-mode: "";
  animation-fill-mode: "";
  -webkit-animation: animation-0 1s 0.8s infinite linear;
  animation: animation-0 1s 0.8s infinite linear;
}

<Loader
  color="#000000"
  css=""
  loading={true}
  size={50}
  speedMultiplier={1}
>
  <span
    className="emotion-0"
  >
    <span
      className="emotion-1"
    />
    <span
      className="emotion-2"
    />
    <span
      className="emotion-3"
    />
    <span
      className="emotion-4"
    />
    <span
      className="emotion-5"
    />
  </span>
</Loader>
`;
