// Jest Snapshot v1, https://goo.gl/fbAQLP

exports[`PulseLoader should match snapshot 1`] = `
@keyframes animation-0 {
  0% {
    -webkit-transform: scale(1);
    -moz-transform: scale(1);
    -ms-transform: scale(1);
    transform: scale(1);
    opacity: 1;
  }

  45% {
    -webkit-transform: scale(0.1);
    -moz-transform: scale(0.1);
    -ms-transform: scale(0.1);
    transform: scale(0.1);
    opacity: 0.7;
  }

  80% {
    -webkit-transform: scale(1);
    -moz-transform: scale(1);
    -ms-transform: scale(1);
    transform: scale(1);
    opacity: 1;
  }
}

@keyframes animation-0 {
  0% {
    -webkit-transform: scale(1);
    -moz-transform: scale(1);
    -ms-transform: scale(1);
    transform: scale(1);
    opacity: 1;
  }

  45% {
    -webkit-transform: scale(0.1);
    -moz-transform: scale(0.1);
    -ms-transform: scale(0.1);
    transform: scale(0.1);
    opacity: 0.7;
  }

  80% {
    -webkit-transform: scale(1);
    -moz-transform: scale(1);
    -ms-transform: scale(1);
    transform: scale(1);
    opacity: 1;
  }
}

@keyframes animation-0 {
  0% {
    -webkit-transform: scale(1);
    -moz-transform: scale(1);
    -ms-transform: scale(1);
    transform: scale(1);
    opacity: 1;
  }

  45% {
    -webkit-transform: scale(0.1);
    -moz-transform: scale(0.1);
    -ms-transform: scale(0.1);
    transform: scale(0.1);
    opacity: 0.7;
  }

  80% {
    -webkit-transform: scale(1);
    -moz-transform: scale(1);
    -ms-transform: scale(1);
    transform: scale(1);
    opacity: 1;
  }
}

.emotion-0a3xia2 {
  background-color: #000000;
  width: 15px;
  height: 15px;
  margin: 2px;
  border-radius: 100%;
  display: inline-block;
  -webkit-animation: animation-0 0.75s 0.12s infinite cubic-bezier(0.2, 0.68, 0.18, 1.08);
  animation: animation-0 0.75s 0.12s infinite cubic-bezier(0.2, 0.68, 0.18, 1.08);
  -webkit-animation-fill-mode: both;
  animation-fill-mode: both;
}

.emotion-01028e8w {
  background-color: #000000;
  width: 15px;
  height: 15px;
  margin: 2px;
  border-radius: 100%;
  display: inline-block;
  -webkit-animation: animation-0 0.75s 0.24s infinite cubic-bezier(0.2, 0.68, 0.18, 1.08);
  animation: animation-0 0.75s 0.24s infinite cubic-bezier(0.2, 0.68, 0.18, 1.08);
  -webkit-animation-fill-mode: both;
  animation-fill-mode: both;
}

.emotion-0ta3lg2 {
  background-color: #000000;
  width: 15px;
  height: 15px;
  margin: 2px;
  border-radius: 100%;
  display: inline-block;
  -webkit-animation: animation-0 0.75s 0.36s infinite cubic-bezier(0.2, 0.68, 0.18, 1.08);
  animation: animation-0 0.75s 0.36s infinite cubic-bezier(0.2, 0.68, 0.18, 1.08);
  -webkit-animation-fill-mode: both;
  animation-fill-mode: both;
}

<Loader
  color="#000000"
  css=""
  loading={true}
  margin={2}
  size={15}
  speedMultiplier={1}
>
  <span
    className="emotion-0"
  >
    <span
      className="emotion-01xdhyk6"
    >
      <span
        className="emotion-0a3xia2"
      />
      <span
        className="emotion-01028e8w"
      />
      <span
        className="emotion-0ta3lg2"
      />
    </span>
  </span>
</Loader>
`;
