// Jest Snapshot v1, https://goo.gl/fbAQLP

exports[`SkewLoader should match snapshot 1`] = `
@keyframes animation-0 {
  25% {
    -webkit-transform: perspective(100px) rotateX(180deg) rotateY(0);
    -moz-transform: perspective(100px) rotateX(180deg) rotateY(0);
    -ms-transform: perspective(100px) rotateX(180deg) rotateY(0);
    transform: perspective(100px) rotateX(180deg) rotateY(0);
  }

  50% {
    -webkit-transform: perspective(100px) rotateX(180deg) rotateY(180deg);
    -moz-transform: perspective(100px) rotateX(180deg) rotateY(180deg);
    -ms-transform: perspective(100px) rotateX(180deg) rotateY(180deg);
    transform: perspective(100px) rotateX(180deg) rotateY(180deg);
  }

  75% {
    -webkit-transform: perspective(100px) rotateX(0) rotateY(180deg);
    -moz-transform: perspective(100px) rotateX(0) rotateY(180deg);
    -ms-transform: perspective(100px) rotateX(0) rotateY(180deg);
    transform: perspective(100px) rotateX(0) rotateY(180deg);
  }

  100% {
    -webkit-transform: perspective(100px) rotateX(0) rotateY(0);
    -moz-transform: perspective(100px) rotateX(0) rotateY(0);
    -ms-transform: perspective(100px) rotateX(0) rotateY(0);
    transform: perspective(100px) rotateX(0) rotateY(0);
  }
}

.emotion-07woid0 {
  width: 0;
  height: 0;
  border-left: 20px solid transparent;
  border-right: 20px solid transparent;
  border-bottom: 20px solid #000000;
  display: inline-block;
  -webkit-animation: animation-0 3s 0s infinite cubic-bezier(0.09, 0.57, 0.49, 0.9);
  animation: animation-0 3s 0s infinite cubic-bezier(0.09, 0.57, 0.49, 0.9);
  -webkit-animation-fill-mode: both;
  animation-fill-mode: both;
}

<Loader
  color="#000000"
  css=""
  loading={true}
  size={20}
>
  <span
    className="emotion-0"
  >
    <span
      className="emotion-07woid0"
    />
  </span>
</Loader>
`;
